  l1.cpp
D:\laba4\l1\l1.cpp(83,23): warning C4305: инициализация: усечение из "double" в "float"
D:\laba4\l1\l1.cpp(145,25): warning C4244: инициализация: преобразование "double" в "float", возможна потеря данных
     Создается библиотека D:\laba4\x64\Debug\l1.lib и объект D:\laba4\x64\Debug\l1.exp
LINK : warning LNK4217: Символ "glewInit", определенный в "glew.obj", импортирован "l1.obj" в функции "main".
LINK : warning LNK4217: Символ "__glewBindBuffer", определенный в "glew.obj", импортирован "l1.obj" в функции "main".
LINK : warning LNK4217: Символ "__glewBufferData", определенный в "glew.obj", импортирован "l1.obj" в функции "main".
LINK : warning LNK4217: Символ "__glewGenBuffers", определенный в "glew.obj", импортирован "l1.obj" в функции "main".
LINK : warning LNK4217: Символ "__glewEnableVertexAttribArray", определенный в "glew.obj", импортирован "l1.obj" в функции "main".
LINK : warning LNK4217: Символ "__glewGetUniformLocation", определенный в "glew.obj", импортирован "l1.obj" в функции ""void __cdecl settingMat4(int,char const *,struct glm::mat<4,4,float,0> &)" (?settingMat4@@YAXHPEBDAEAU?$mat@$03$03M$0A@@glm@@@Z)".
LINK : warning LNK4286: Символ "__glewGetUniformLocation", определенный в "glew.obj", импортирован "ShaderLib.obj".
LINK : warning LNK4217: Символ "__glewUniformMatrix4fv", определенный в "glew.obj", импортирован "l1.obj" в функции ""void __cdecl settingMat4(int,char const *,struct glm::mat<4,4,float,0> &)" (?settingMat4@@YAXHPEBDAEAU?$mat@$03$03M$0A@@glm@@@Z)".
LINK : warning LNK4217: Символ "__glewVertexAttribPointer", определенный в "glew.obj", импортирован "l1.obj" в функции "main".
LINK : warning LNK4217: Символ "__glewBindVertexArray", определенный в "glew.obj", импортирован "l1.obj" в функции "main".
LINK : warning LNK4217: Символ "__glewGenVertexArrays", определенный в "glew.obj", импортирован "l1.obj" в функции "main".
LINK : warning LNK4217: Символ "glewExperimental", определенный в "glew.obj", импортирован "l1.obj" в функции "main".
LINK : warning LNK4217: Символ "__glewAttachShader", определенный в "glew.obj", импортирован "ShaderLib.obj" в функции ""public: __cdecl Shader::Shader(class std::basic_string<char,struct std::char_traits<char>,class std::allocator<char> > const &,class std::basic_string<char,struct std::char_traits<char>,class std::allocator<char> > const &)" (??0Shader@@QEAA@AEBV?$basic_string@DU?$char_traits@D@std@@V?$allocator@D@2@@std@@0@Z)".
LINK : warning LNK4217: Символ "__glewCompileShader", определенный в "glew.obj", импортирован "ShaderLib.obj" в функции ""public: __cdecl Shader::Shader(class std::basic_string<char,struct std::char_traits<char>,class std::allocator<char> > const &,class std::basic_string<char,struct std::char_traits<char>,class std::allocator<char> > const &)" (??0Shader@@QEAA@AEBV?$basic_string@DU?$char_traits@D@std@@V?$allocator@D@2@@std@@0@Z)".
LINK : warning LNK4217: Символ "__glewCreateProgram", определенный в "glew.obj", импортирован "ShaderLib.obj" в функции ""public: __cdecl Shader::Shader(class std::basic_string<char,struct std::char_traits<char>,class std::allocator<char> > const &,class std::basic_string<char,struct std::char_traits<char>,class std::allocator<char> > const &)" (??0Shader@@QEAA@AEBV?$basic_string@DU?$char_traits@D@std@@V?$allocator@D@2@@std@@0@Z)".
LINK : warning LNK4217: Символ "__glewCreateShader", определенный в "glew.obj", импортирован "ShaderLib.obj" в функции ""public: __cdecl Shader::Shader(class std::basic_string<char,struct std::char_traits<char>,class std::allocator<char> > const &,class std::basic_string<char,struct std::char_traits<char>,class std::allocator<char> > const &)" (??0Shader@@QEAA@AEBV?$basic_string@DU?$char_traits@D@std@@V?$allocator@D@2@@std@@0@Z)".
LINK : warning LNK4217: Символ "__glewDeleteShader", определенный в "glew.obj", импортирован "ShaderLib.obj" в функции ""public: __cdecl Shader::Shader(class std::basic_string<char,struct std::char_traits<char>,class std::allocator<char> > const &,class std::basic_string<char,struct std::char_traits<char>,class std::allocator<char> > const &)" (??0Shader@@QEAA@AEBV?$basic_string@DU?$char_traits@D@std@@V?$allocator@D@2@@std@@0@Z)".
LINK : warning LNK4217: Символ "__glewGetProgramInfoLog", определенный в "glew.obj", импортирован "ShaderLib.obj" в функции ""private: void __cdecl Shader::checkCompileErrors(unsigned int,class std::basic_string<char,struct std::char_traits<char>,class std::allocator<char> > const &)" (?checkCompileErrors@Shader@@AEAAXIAEBV?$basic_string@DU?$char_traits@D@std@@V?$allocator@D@2@@std@@@Z)".
LINK : warning LNK4217: Символ "__glewGetProgramiv", определенный в "glew.obj", импортирован "ShaderLib.obj" в функции ""private: void __cdecl Shader::checkCompileErrors(unsigned int,class std::basic_string<char,struct std::char_traits<char>,class std::allocator<char> > const &)" (?checkCompileErrors@Shader@@AEAAXIAEBV?$basic_string@DU?$char_traits@D@std@@V?$allocator@D@2@@std@@@Z)".
LINK : warning LNK4217: Символ "__glewGetShaderInfoLog", определенный в "glew.obj", импортирован "ShaderLib.obj" в функции ""private: void __cdecl Shader::checkCompileErrors(unsigned int,class std::basic_string<char,struct std::char_traits<char>,class std::allocator<char> > const &)" (?checkCompileErrors@Shader@@AEAAXIAEBV?$basic_string@DU?$char_traits@D@std@@V?$allocator@D@2@@std@@@Z)".
LINK : warning LNK4217: Символ "__glewGetShaderiv", определенный в "glew.obj", импортирован "ShaderLib.obj" в функции ""private: void __cdecl Shader::checkCompileErrors(unsigned int,class std::basic_string<char,struct std::char_traits<char>,class std::allocator<char> > const &)" (?checkCompileErrors@Shader@@AEAAXIAEBV?$basic_string@DU?$char_traits@D@std@@V?$allocator@D@2@@std@@@Z)".
LINK : warning LNK4217: Символ "__glewLinkProgram", определенный в "glew.obj", импортирован "ShaderLib.obj" в функции ""public: __cdecl Shader::Shader(class std::basic_string<char,struct std::char_traits<char>,class std::allocator<char> > const &,class std::basic_string<char,struct std::char_traits<char>,class std::allocator<char> > const &)" (??0Shader@@QEAA@AEBV?$basic_string@DU?$char_traits@D@std@@V?$allocator@D@2@@std@@0@Z)".
LINK : warning LNK4217: Символ "__glewShaderSource", определенный в "glew.obj", импортирован "ShaderLib.obj" в функции ""public: __cdecl Shader::Shader(class std::basic_string<char,struct std::char_traits<char>,class std::allocator<char> > const &,class std::basic_string<char,struct std::char_traits<char>,class std::allocator<char> > const &)" (??0Shader@@QEAA@AEBV?$basic_string@DU?$char_traits@D@std@@V?$allocator@D@2@@std@@0@Z)".
LINK : warning LNK4217: Символ "__glewUniform1f", определенный в "glew.obj", импортирован "ShaderLib.obj" в функции ""public: void __cdecl Shader::SetUniform(class std::basic_string<char,struct std::char_traits<char>,class std::allocator<char> > const &,float)" (?SetUniform@Shader@@QEAAXAEBV?$basic_string@DU?$char_traits@D@std@@V?$allocator@D@2@@std@@M@Z)".
LINK : warning LNK4217: Символ "__glewUniform1i", определенный в "glew.obj", импортирован "ShaderLib.obj" в функции ""public: void __cdecl Shader::SetUniform(class std::basic_string<char,struct std::char_traits<char>,class std::allocator<char> > const &,int)" (?SetUniform@Shader@@QEAAXAEBV?$basic_string@DU?$char_traits@D@std@@V?$allocator@D@2@@std@@H@Z)".
LINK : warning LNK4217: Символ "__glewUniform2f", определенный в "glew.obj", импортирован "ShaderLib.obj" в функции ""public: void __cdecl Shader::SetUniform(class std::basic_string<char,struct std::char_traits<char>,class std::allocator<char> > const &,float,float)" (?SetUniform@Shader@@QEAAXAEBV?$basic_string@DU?$char_traits@D@std@@V?$allocator@D@2@@std@@MM@Z)".
LINK : warning LNK4217: Символ "__glewUniform3f", определенный в "glew.obj", импортирован "ShaderLib.obj" в функции ""public: void __cdecl Shader::SetUniform(class std::basic_string<char,struct std::char_traits<char>,class std::allocator<char> > const &,float,float,float)" (?SetUniform@Shader@@QEAAXAEBV?$basic_string@DU?$char_traits@D@std@@V?$allocator@D@2@@std@@MMM@Z)".
LINK : warning LNK4217: Символ "__glewUniform4f", определенный в "glew.obj", импортирован "ShaderLib.obj" в функции ""public: void __cdecl Shader::SetUniform(class std::basic_string<char,struct std::char_traits<char>,class std::allocator<char> > const &,float,float,float,float)" (?SetUniform@Shader@@QEAAXAEBV?$basic_string@DU?$char_traits@D@std@@V?$allocator@D@2@@std@@MMMM@Z)".
LINK : warning LNK4217: Символ "__glewUseProgram", определенный в "glew.obj", импортирован "ShaderLib.obj" в функции ""public: void __cdecl Shader::Use(void)" (?Use@Shader@@QEAAXXZ)".
  l1.vcxproj -> D:\laba4\x64\Debug\l1.exe
